- MMFF94 partial charges
Atom #0: -0.19
Atom #1: 0.19
Atom #2: -0.15
Atom #3: -0.15
Atom #4: -0.1435
Atom #5: 0.567
Atom #6: -0.56
Atom #7: 0.4235
Atom #8: -0.1435
Atom #9: -0.1435
Atom #10: -0.15
Atom #11: -0.15
Atom #12: 0.073
Atom #13: -0.15
Atom #14: 0.15
Atom #15: 0.48410000000000003
Atom #16: -0.5571
Atom #17: 0.15
Atom #18: 0.15
Atom #19: 0.0
Atom #20: 0.0
Atom #21: 0.0
Atom #22: 0.0
Atom #23: 0.27
Atom #24: -0.81
Atom #25: 0.27
Atom #26: 0.0
Atom #27: 0.0
Atom #28: 0.0
Atom #29: 0.27
Atom #30: 0.0
Atom #31: 0.0
Atom #32: 0.0
Atom #33: 0.0
Atom #34: 0.0
Atom #35: 0.0
Atom #36: 0.0
Atom #37: 0.0
Atom #38: 0.0
Atom #39: -0.15
Atom #40: -0.15
Atom #41: 0.15
Atom #42: 0.15
Atom #43: 0.15
Atom #44: 0.15
