c1(c(c(c2cnc(cn2)N)ccc1C1CCC1)F)Oc1cc(nc(Cc2ccccc2)n1)N
C1(C(c2c(cc(cc2)C)NC1=O)=O)=NNc1c(cccc1)Cl
C([C@H]([C@H](CC)C)Nc1c2c3c(CCCC3)sc2nc(C)n1)(=O)O
C([C@@]1(c2ccccc2)[C@@H](C1)CN)(N(CC)CC)=O
C([C@@]1(c2ccccc2)[C@@H](C1)CN)(N(CC)CC)=O
C(C1C=C(C)OC(C=1)=O)#CCCCC
C1#CC[C@H]([C@H](CC#CC=C1)CO)CO
C(=CCN([C@@H](c1ccccc1)C)C)=CC
C(=CCN([C@@H](c1ccccc1)C)C)=CC
C([C@H](CCC(Nc1ccc(cc1)[N](=O)=O)=O)N)(=O)O
c1(c(c(cnc1C[S@](c1nc2c(ccc(c2)OC)[nH]1)=O)C)OC)C
C(C1C(C(C(C(O1)OC1C(C(OC2C(C(=O)O)OC(C(C2O)O)O)OC(C1O)CO)NC(C)=O)O)O)OC1C(C(C(C(CO)O1)O)O)NC(C)=O)(NCCOC(Cc1c(cccc1)Nc1c(cccc1Cl)Cl)=O)=O
C12C(=CC(C(=C1)Nc1ccc(cc1)Cl)=NC(C)C)N(c1c(cccc1)N=2)c2ccc(cc2)Cl
C(c1ccc(cc1)N(C)C)(CC(C[C@H]1[C@@H]([C@@H]([C@@H](C[C@H]2[C@H]([C@H]([C@H](C)O)C)O2)CO1)O)O)=O)=O
C(c1c(cc(cc1F)C)F)(N[C@@H]1c2nc(c3c(cc(cc3)NC(OC)=O)NC(CCC=CC1)=O)c([nH]2)Cl)=O  
C1(COC(=N1)Nc1cc2c(cc1)ncnc2Nc2cc(c(cc2)Oc2cc1ncnn1cc2)C)(C)C
C(c1c(ccc(c1)[N+]([O-])=O)OC(c1ccc(cc1)NC)=O)#N
C12[C@@]34[C@@]5([C@@H]6[C@@]7([C@@H]([C@@](CC[C@@H]7OC)(CN6CC)C)[C@@H]5O)[C@@]1(C[C@@H]([C@@H]2OC)[C@H](C3)OC)O)OCO4
C12C(C3CCC1N3C(c3ccc1c(ccc(c1)Oc1ccc(C(F)(F)F)cn1)n3)=O)CNC2 BDBM250863
C([C@@]1([C@H](C2CC2)C1)NC([C@@H]1C[C@H](CN1C([C@H](C(C)(C)C)NC(O[C@@H]1C[C@H]2[C@H](C2)C1)=O)=O)Oc1c2c(c(cn1)OC)ccc(c2)Cl)=O)(NS(C2CC2)(=O)=O)=O  
c1([C@H]2C[C@H]3CC[C@H](C2)N3CCCOc3ccccc3)cc(ccc1)O  
c12c(nc(Cc3ccccc3)nc1[O+]([CH-]C=C2)CC)NCc2ccccc2 BDBM163075
C1(N(c2ccc(cc2)N2CCN(c3ccc(cc3)OC[C@H]3CO[C@@](c4c(cc(cc4)Cl)Cl)(Cn4cncn4)O3)CC2)C=NN1C(CC)C)=O
C(c1cc(N2CCCC2)ncc1)(Nc1cc(c(cc1)C)c1ccc(C(NCC2CC2)=O)cc1)=O
c12c([N]([C@H]3[C@@H]([C@@H]([C@@H](COP(=O)(O)O)O3)O)O)=CN1)ncnc2S
c1(c(ccc([C@H](CNC)O)c1)O)O
C1(C(Cc2c(cc(cc2)[N+]([O-])=O)C)(C)O)C(N(c2ccccc2)NC=1N)=O
c1(c(c(cnc1CS(c1nc2c(ccc(c2)OC)[nH]1)=O)C)OC)C  
c12c3n([C@H]4[C@@H]([C@@H]([C@@H](COP(OP(OC[C@@H]5[C@H]([C@H]([C@@H](C5)[n+](c1N)cn3)O)O)(=O)O)(=O)O)O4)O)O)cn2
C1(c2ccccc2)(C[N+](CCO1)(C[18F])C)O
C1(C(=O)O)=C(CS[C@@H]2[C@@H](C(N12)=O)NC(C(c2nc(NP(=O)(O)O)sn2)=NOCC)=O)Sc2nc(c1cc[n+](cc1)C)cs2
c12c3n([C@H]4[C@@H]([C@@H]([C@@H](COP(OP(OC[C@@H]5[C@H]([C@H]([C@@H](C5)[n+](c1N)cn3)O)O)(=O)O)(=O)O)O4)O)O)cn2
C(=C[N+]([O-])=O)(NCCSCc1ccc(CN(C)C)o1)NC
C(c1ccc(cc1)N(C)C)(CC(C[C@H]1[C@@H]([C@@H]([C@@H](C[C@H]2[C@H]([C@H]([C@H](C)O)C)O2)CO1)O)O)=O)=O
c12c(cccc1)[n+]1ccc2NCCCCCNc2c3c(cccc3)[n+](cc2)CC=CC1
C(c1c(cccc1)N)(C=Cc1ccccc1)=O
C1(C(C(C(C(CCCC2(C(CC(C(=Cc3csc(C)n3)C)OC(CC1O)=O)O2)C)C)O)C)=O)(C)C 144206291
C1(C(Cc2c(cc(cc2)[N](=O)=O)C)(C)O)C(N(c2ccccc2)NC=1N)=O
c12c(c3c(cccc3)nc1cc(cc2)N=[N]=N)Nc2c(cc(cc2)NS(C)(=O)=O)OC
C1(C(N(C(N2C=1C=CC=C2)=O)CCCCN2CCC(c1c3c(C=CC(F)=[F]3)[nH]c1)CC2)=O)c2ccc(cc2)F
C12C(c3c4c1cccc4ccc3)=[N](c3c(cccc3)N=2)=NC(C(C)Br)=O
C1(C(C)(C)[N+](=C(c2ccc(cc2)OCC(N[C@H](C(=O)O)CCCNC(=N)N)=O)N1O)[O-])(C)C
C(c1cn(C)nc1)(N1[C@@H]2[C@@H](CC1)N(Cc1cccnc1)CC2)=O
C1(C(Nc2c1nccc2)=O)=Cc2c1c(cccc1)n(c2)C
C12C3(c4c(ccc(c4)OC)CC1N(C)CC3)CCCC2
C(CCCCCCCCCCCCCCc1ccc(cc1)[123I])(=O)O
C(c1c(c(c2ccc(cc2)F)n(c1C(C)C)CCC(CC(CC(=O)O)O)O)c1ccccc1)(Nc1ccccc1)=O
[H](C(C)Nc1nc2c(ccc(C(=NC(c3cc(c(cc3)Cl)F)c3cn(C)nc3)O)c2)cn1)CO BDBM192334
C1([C@]23[C@H]([C@@]4([C@]([C@]5([C@@H]([C@@]6([C@H]([C@@]([C@H](CC6)O[C@H]6[C@@H]([C@H]([C@H](CO6)OC(C)=O)OC(C)=O)O[C@H]6[C@@H]([C@@H]([C@H]([C@@H](C)O6)OC(C)=O)OC(C)=O)OC(C)=O)(COC(C)=O)C)CC5)C)CC4O)C)(CC2)C)O1)CC(CC3)(C)C)=O  
c1(ccccc1)CC(C)N
c1(ccccc1)CC(C)N
C1(C(c2c(N(C=1)CC)nc(cc2)C)=O)C(=O)O
C(c1ccc[n+](C2[C@@H]([C@@H](C(COP(=O)(O)O)O2)O)O)c1)(N)=O
C(C(CCCNC(=N)N)[N+](C)(C)C)(OC(C(c1cc(c(cc1)OS(=O)(=O)O)COS(=O)(=O)O)OS(=O)(=O)O)C)=O
C1(c2c(ccc(c2)S(N2CCN(CC2)C)(=O)=O)OCC)=Nc2c(C(N1)=O)n(C)nc2CCC
C1(C(NC(NC=1CN1C(CCC1)=N)=O)=O)Cl
C1(C(C(=C2C(N3[C@@H]4C[C@@H](CC4)O[C@@H]3CN2C=1)=O)O)=O)C(NCc1c(cc(cc1F)F)F)=O
C(CCc1nc(c(c2ccccc2)o1)c1ccccc1)(=O)O
c1(c(c(cnc1CS(c1nc2c(ccc(c2)OC)[nH]1)=O)C)OC)C
c1(c(c(cnc1CS(c1nc2c(ccc(c2)OC)[nH]1)=O)C)OC)C
C(c1c(c(c2cc3c(cc(cc3)NS(C)(=O)=O)cc2)cc(c1)N1C(NC(C=C1)=O)=O)OC)(C)(C)C
C(C(O[C@@H]1C[C@@H]2[C@@H]3[C@H]([C@H](C1)[N+]2(C)C)O3)=O)(c3cccs3)(c3cccs3)O
[2H]C1(c2ccccc2)O[C@H]([C@@H]2C(=C(C(O2)=O)O)O)CO1
[2H]C1(c2ccccc2)O[C@H]([C@@H]2C(=C(C(O2)=O)O)O)CO1
C(c1c(cc(c(c1)Cl)N)OC)(NC1C(CN(CC1)CCCOc1ccc(cc1)F)OC)=O
c1(c(cc(cc1OC)Cc1c(nc(nc1)N)N)OC)OC
C(COc1ccc(cc1)Cl)(NCCN(CC)CC)=O
C1(C(N2C(C(=CC=C2)C)=NC=1)=O)c1nnn[nH]1
C1(C(=CN(C=C1[131I])CC(=O)O)[131I])=O
C1CC1CNC(c1ccc(cc1)c1c(C)ccc(c1)NC(c1cc(N2CCCC2)ncc1)=O)=O
c1(c(cc(cc1Cl)O)Cl)C(C(c1c(cc(cc1Cl)O)Cl)N)N