- Atom environments (radius = 3 bonds)
Atom #0: Fc(c(c)[H])c(c)[H]
Atom #1: c1(F)c(c(cc(c1[H])[H])[H])[H]
Atom #2: c1(c(F)c(cc(c1[H])C)[H])[H]
Atom #3: c1(c(c(F)cc(c1C(O)(c)C)[H])[H])[H]
Atom #4: c1(c(c(cc(c1[H])[H])[H])[H])C(OC)(c(c)c)C(C)([H])[H]
Atom #5: C1(c(c(c)[H])c(c)[H])(OC(c(c1c(c)[H])c)([H])[H])C(C(C)([H])[H])([H])[H]
Atom #6: O1C(c(c)c)(c(c(C1([H])[H])c)c)C(C)([H])[H]
Atom #7: C1(OC(c)(c(c1c(c)[H])c)C)([H])[H]
Atom #8: c12C(OC(c)(c1c(cc(c2[H])C)[H])C)([H])[H]
Atom #9: c12C(c(c)c)(OC(c1c(cc(c2[H])[H])[H])([H])[H])C(C)([H])[H]
Atom #10: c1(c(C(c)(O)C)c(C)cc(c1[H])C)[H]
Atom #11: c1(c(c(C)cc(c1C#N)[H])[H])[H]
Atom #12: c1(c(c(cc(C)c1[H])[H])[H])C#N
Atom #13: c1(c(C(O)([H])[H])c(C)cc(c1C#N)[H])[H]
Atom #14: [H]c(c(C)c)c(c)C
Atom #15: C(c(c(c)[H])c(c)[H])#N
Atom #16: N#Cc(c)c
Atom #17: [H]c(c(c)[H])c(c)C
Atom #18: [H]c(c(C)c)c(c)[H]
Atom #19: [H]C(OC)(c(c)c)[H]
Atom #20: [H]C(OC)(c(c)c)[H]
Atom #21: C(C(c(c)c)(OC)c(c)c)(C(C(N)([H])[H])([H])[H])([H])[H]
Atom #22: C(C(C(c)(O)c)([H])[H])(C(N(C)C)([H])[H])([H])[H]
Atom #23: C(C(C(C)([H])[H])([H])[H])(N(C([H])([H])[H])C([H])([H])[H])([H])[H]
Atom #24: N(C(C(C)([H])[H])([H])[H])(C([H])([H])[H])C([H])([H])[H]
Atom #25: C(N(C(C)([H])[H])C([H])([H])[H])([H])([H])[H]
Atom #26: [H]C(N(C)C)([H])[H]
Atom #27: [H]C(N(C)C)([H])[H]
Atom #28: [H]C(N(C)C)([H])[H]
Atom #29: C(N(C(C)([H])[H])C([H])([H])[H])([H])([H])[H]
Atom #30: [H]C(N(C)C)([H])[H]
Atom #31: [H]C(N(C)C)([H])[H]
Atom #32: [H]C(N(C)C)([H])[H]
Atom #33: [H]C(C(C)([H])[H])(N(C)C)[H]
Atom #34: [H]C(C(C)([H])[H])(N(C)C)[H]
Atom #35: [H]C(C(C)([H])[H])(C(N)([H])[H])[H]
Atom #36: [H]C(C(C)([H])[H])(C(N)([H])[H])[H]
Atom #37: [H]C(C(c)(O)c)(C(C)([H])[H])[H]
Atom #38: [H]C(C(c)(O)c)(C(C)([H])[H])[H]
Atom #39: c1(c(c(cc(F)c1[H])[H])C(O)(c)C)[H]
Atom #40: c1(c(F)c(cc(C)c1[H])[H])[H]
Atom #41: [H]c(c(F)c)c(c)[H]
Atom #42: [H]c(c(c)C)c(c)[H]
Atom #43: [H]c(c(c)[H])c(C)c
Atom #44: [H]c(c(F)c)c(c)[H]
