[H:35][C:13](=[C:8]1[C:9]([N:10]([H:11])[c:4]2[c:5]1[c:6]([H:7])[c:1]([H:38])[c:2]([H:37])[c:3]2[H:36])=[O:12])[N:14]([H:34])[c:15]2[c:16]([H:33])[c:17]([H:32])[c:18]([c:19]([H:22])[c:20]2[H:21])[S:23]([N:24]([H:29])[C:25]([H:26])([H:27])[H:28])(=[O:30])=[O:31] ZINC03814443|cdk2_ligands|dock1
[C:8]1([CH2:9][NH:10][c:4]2[c:5]1[cH:6][cH:1][cH:2][cH:3]2)=[CH:13][NH:14][c:15]2[cH:20][cH:19][cH:18][cH:17][cH:16]2 ZINC03814443|cdk2_ligands|dock1_F#1
[CH2:8]1[CH2:9][NH:10][c:4]2[c:5]1[cH:6][cH:1][cH:2][cH:3]2 ZINC03814443|cdk2_ligands|dock1_R#1
[cH:15]1[cH:16][cH:17][cH:18][cH:19][cH:20]1 ZINC03814443|cdk2_ligands|dock1_R#2
[CH3:13][NH2:14] ZINC03814443|cdk2_ligands|dock1_L#1
[H:35][C:13](=[C:8]1[C:9]([N:10]([H:11])[c:4]2[c:5]1[c:6]([H:7])[c:1]([H:38])[c:2]([H:37])[c:3]2[H:36])=[O:12])[N:14]([H:34])[c:15]2[c:16]([H:33])[c:17]([H:32])[c:18]([c:19]([H:22])[c:20]2[H:21])[S:23]([N:24]([H:29])[C:25]([H:26])([H:27])[H:28])(=[O:30])=[O:31] ZINC03814443|cdk2_ligands|dock5
[C:8]1([CH2:9][NH:10][c:4]2[c:5]1[cH:6][cH:1][cH:2][cH:3]2)=[CH:13][NH:14][c:15]2[cH:20][cH:19][cH:18][cH:17][cH:16]2 ZINC03814443|cdk2_ligands|dock5_F#1
[CH2:8]1[CH2:9][NH:10][c:4]2[c:5]1[cH:6][cH:1][cH:2][cH:3]2 ZINC03814443|cdk2_ligands|dock5_R#1
[cH:15]1[cH:16][cH:17][cH:18][cH:19][cH:20]1 ZINC03814443|cdk2_ligands|dock5_R#2
[CH3:13][NH2:14] ZINC03814443|cdk2_ligands|dock5_L#1
[H:35][C:13](=[C:8]1[C:9]([N:10]([H:11])[c:4]2[c:5]1[c:6]([H:7])[c:1]([H:38])[c:2]([H:37])[c:3]2[H:36])=[O:12])[N:14]([H:34])[c:15]2[c:16]([H:33])[c:17]([H:32])[c:18]([c:19]([H:22])[c:20]2[H:21])[S:23]([N:24]([H:29])[C:25]([H:26])([H:27])[H:28])(=[O:30])=[O:31] ZINC03814443|cdk2_ligands|dock9
[C:8]1([CH2:9][NH:10][c:4]2[c:5]1[cH:6][cH:1][cH:2][cH:3]2)=[CH:13][NH:14][c:15]2[cH:20][cH:19][cH:18][cH:17][cH:16]2 ZINC03814443|cdk2_ligands|dock9_F#1
[CH2:8]1[CH2:9][NH:10][c:4]2[c:5]1[cH:6][cH:1][cH:2][cH:3]2 ZINC03814443|cdk2_ligands|dock9_R#1
[cH:15]1[cH:16][cH:17][cH:18][cH:19][cH:20]1 ZINC03814443|cdk2_ligands|dock9_R#2
[CH3:13][NH2:14] ZINC03814443|cdk2_ligands|dock9_L#1
[H:38][C:13](=[C:8]1[C:9]([N:10]([H:11])[c:4]2[c:5]1[c:6]([H:7])[c:1]([H:41])[c:2]([H:40])[c:3]2[H:39])=[O:12])[N:14]([H:37])[c:15]2[c:16]([H:36])[c:17]([H:35])[c:18]([c:19]([H:22])[c:20]2[H:21])[S:23]([N:24]([H:32])[c:25]2[n:26][c:27]([H:31])[c:28]([H:30])[s:29]2)(=[O:34])=[O:33] ZINC03814447|cdk2_ligands|dock1
[C:8]1([CH2:9][NH:10][c:4]2[c:5]1[cH:6][cH:1][cH:2][cH:3]2)=[CH:13][NH:14][c:15]2[cH:20][cH:19][c:18]([cH:17][cH:16]2)[S:23][NH:24][c:25]2[n:26][cH:27][cH:28][s:29]2 ZINC03814447|cdk2_ligands|dock1_F#1
[CH2:8]1[CH2:9][NH:10][c:4]2[c:5]1[cH:6][cH:1][cH:2][cH:3]2 ZINC03814447|cdk2_ligands|dock1_R#1
[cH:15]1[cH:16][cH:17][cH:18][cH:19][cH:20]1 ZINC03814447|cdk2_ligands|dock1_R#2
[cH:27]1[cH:28][s:29][cH:25][n:26]1 ZINC03814447|cdk2_ligands|dock1_R#3
[CH3:13][NH2:14] ZINC03814447|cdk2_ligands|dock1_L#1
[NH2:24][SH:23] ZINC03814447|cdk2_ligands|dock1_L#2
[H:38][C:13](=[C:8]1[C:9]([N:10]([H:11])[c:4]2[c:5]1[c:6]([H:7])[c:1]([H:41])[c:2]([H:40])[c:3]2[H:39])=[O:12])[N:14]([H:37])[c:15]2[c:16]([H:36])[c:17]([H:35])[c:18]([c:19]([H:22])[c:20]2[H:21])[S:23]([N:24]([H:32])[c:25]2[n:26][c:27]([H:31])[c:28]([H:30])[s:29]2)(=[O:34])=[O:33] ZINC03814447|cdk2_ligands|dock4
[C:8]1([CH2:9][NH:10][c:4]2[c:5]1[cH:6][cH:1][cH:2][cH:3]2)=[CH:13][NH:14][c:15]2[cH:20][cH:19][c:18]([cH:17][cH:16]2)[S:23][NH:24][c:25]2[n:26][cH:27][cH:28][s:29]2 ZINC03814447|cdk2_ligands|dock4_F#1
[CH2:8]1[CH2:9][NH:10][c:4]2[c:5]1[cH:6][cH:1][cH:2][cH:3]2 ZINC03814447|cdk2_ligands|dock4_R#1
[cH:15]1[cH:16][cH:17][cH:18][cH:19][cH:20]1 ZINC03814447|cdk2_ligands|dock4_R#2
[cH:27]1[cH:28][s:29][cH:25][n:26]1 ZINC03814447|cdk2_ligands|dock4_R#3
[CH3:13][NH2:14] ZINC03814447|cdk2_ligands|dock4_L#1
[NH2:24][SH:23] ZINC03814447|cdk2_ligands|dock4_L#2
[H:38][C:13](=[C:8]1[C:9]([N:10]([H:11])[c:4]2[c:5]1[c:6]([H:7])[c:1]([H:41])[c:2]([H:40])[c:3]2[H:39])=[O:12])[N:14]([H:37])[c:15]2[c:16]([H:36])[c:17]([H:35])[c:18]([c:19]([H:22])[c:20]2[H:21])[S:23]([N:24]([H:32])[c:25]2[n:26][c:27]([H:31])[c:28]([H:30])[s:29]2)(=[O:34])=[O:33] ZINC03814447|cdk2_ligands|dock2
[C:8]1([CH2:9][NH:10][c:4]2[c:5]1[cH:6][cH:1][cH:2][cH:3]2)=[CH:13][NH:14][c:15]2[cH:20][cH:19][c:18]([cH:17][cH:16]2)[S:23][NH:24][c:25]2[n:26][cH:27][cH:28][s:29]2 ZINC03814447|cdk2_ligands|dock2_F#1
[CH2:8]1[CH2:9][NH:10][c:4]2[c:5]1[cH:6][cH:1][cH:2][cH:3]2 ZINC03814447|cdk2_ligands|dock2_R#1
[cH:15]1[cH:16][cH:17][cH:18][cH:19][cH:20]1 ZINC03814447|cdk2_ligands|dock2_R#2
[cH:27]1[cH:28][s:29][cH:25][n:26]1 ZINC03814447|cdk2_ligands|dock2_R#3
[CH3:13][NH2:14] ZINC03814447|cdk2_ligands|dock2_L#1
[NH2:24][SH:23] ZINC03814447|cdk2_ligands|dock2_L#2
[H:27][c:12]1[c:11]2[C:10](=[C:9]3[C:8]([c:5]4[c:4]([c:3]([H:31])[c:2]([H:32])[c:1]([H:33])[c:6]4[H:7])[N:28]3[H:29])=[O:30])[C:18]([N:17]([H:20])[c:16]2[c:15]([H:21])[c:14]([H:22])[c:13]1[S:23]([O-:26])(=[O:25])=[O:24])=[O:19] ZINC03814440|cdk2_ligands|dock3
[C:10]1(=[C:9]2[CH2:8][c:5]3[cH:6][cH:1][cH:2][cH:3][c:4]3[NH:28]2)[CH2:18][NH:17][c:16]2[c:11]1[cH:12][cH:13][cH:14][cH:15]2 ZINC03814440|cdk2_ligands|dock3_F#1
[C:10]1(=[C:9]2[CH2:8][c:5]3[cH:6][cH:1][cH:2][cH:3][c:4]3[NH:28]2)[CH2:18][NH:17][c:16]2[c:11]1[cH:12][cH:13][cH:14][cH:15]2 ZINC03814440|cdk2_ligands|dock3_R#1
[H:27][c:12]1[c:11]2[C:10](=[C:9]3[C:8]([c:5]4[c:4]([c:3]([H:31])[c:2]([H:32])[c:1]([H:33])[c:6]4[H:7])[N:28]3[H:29])=[O:30])[C:18]([N:17]([H:20])[c:16]2[c:15]([H:21])[c:14]([H:22])[c:13]1[S:23]([O-:26])(=[O:25])=[O:24])=[O:19] ZINC03814440|cdk2_ligands|dock1
[C:10]1(=[C:9]2[CH2:8][c:5]3[cH:6][cH:1][cH:2][cH:3][c:4]3[NH:28]2)[CH2:18][NH:17][c:16]2[c:11]1[cH:12][cH:13][cH:14][cH:15]2 ZINC03814440|cdk2_ligands|dock1_F#1
[C:10]1(=[C:9]2[CH2:8][c:5]3[cH:6][cH:1][cH:2][cH:3][c:4]3[NH:28]2)[CH2:18][NH:17][c:16]2[c:11]1[cH:12][cH:13][cH:14][cH:15]2 ZINC03814440|cdk2_ligands|dock1_R#1
[H:27][c:12]1[c:11]2[C:10](=[C:9]3[C:8]([c:5]4[c:4]([c:3]([H:31])[c:2]([H:32])[c:1]([H:33])[c:6]4[H:7])[N:28]3[H:29])=[O:30])[C:18]([N:17]([H:20])[c:16]2[c:15]([H:21])[c:14]([H:22])[c:13]1[S:23]([O-:26])(=[O:25])=[O:24])=[O:19] ZINC03814440|cdk2_ligands|dock2
[C:10]1(=[C:9]2[CH2:8][c:5]3[cH:6][cH:1][cH:2][cH:3][c:4]3[NH:28]2)[CH2:18][NH:17][c:16]2[c:11]1[cH:12][cH:13][cH:14][cH:15]2 ZINC03814440|cdk2_ligands|dock2_F#1
[C:10]1(=[C:9]2[CH2:8][c:5]3[cH:6][cH:1][cH:2][cH:3][c:4]3[NH:28]2)[CH2:18][NH:17][c:16]2[c:11]1[cH:12][cH:13][cH:14][cH:15]2 ZINC03814440|cdk2_ligands|dock2_R#1
[H:31][c:4]1[c:5]2[C:9]([C:8]([N:7]([H:30])[c:6]2[c:1]([H:34])[c:2]([H:33])[c:3]1[Br:32])=[O:29])=[N:10][N:11]([H:28])[c:12]1[c:17]([H:18])[c:16]([H:19])[c:15]([c:14]([H:26])[c:13]1[H:27])[S:20]([N:21]([H:23])[H:22])(=[O:24])=[O:25] ZINC03814441|cdk2_ligands|dock5
[C:9]1([CH2:8][NH:7][c:6]2[c:5]1[cH:4][cH:3][cH:2][cH:1]2)=[N:10][NH:11][c:12]2[cH:13][cH:14][cH:15][cH:16][cH:17]2 ZINC03814441|cdk2_ligands|dock5_F#1
[CH2:9]1[CH2:8][NH:7][c:6]2[c:5]1[cH:4][cH:3][cH:2][cH:1]2 ZINC03814441|cdk2_ligands|dock5_R#1
[cH:12]1[cH:13][cH:14][cH:15][cH:16][cH:17]1 ZINC03814441|cdk2_ligands|dock5_R#2
[NH2:10][NH2:11] ZINC03814441|cdk2_ligands|dock5_L#1
[H:31][c:4]1[c:5]2[C:9]([C:8]([N:7]([H:30])[c:6]2[c:1]([H:34])[c:2]([H:33])[c:3]1[Br:32])=[O:29])=[N:10][N:11]([H:28])[c:12]1[c:17]([H:18])[c:16]([H:19])[c:15]([c:14]([H:26])[c:13]1[H:27])[S:20]([N:21]([H:23])[H:22])(=[O:24])=[O:25] ZINC03814441|cdk2_ligands|dock2
[C:9]1([CH2:8][NH:7][c:6]2[c:5]1[cH:4][cH:3][cH:2][cH:1]2)=[N:10][NH:11][c:12]2[cH:13][cH:14][cH:15][cH:16][cH:17]2 ZINC03814441|cdk2_ligands|dock2_F#1
[CH2:9]1[CH2:8][NH:7][c:6]2[c:5]1[cH:4][cH:3][cH:2][cH:1]2 ZINC03814441|cdk2_ligands|dock2_R#1
[cH:12]1[cH:13][cH:14][cH:15][cH:16][cH:17]1 ZINC03814441|cdk2_ligands|dock2_R#2
[NH2:10][NH2:11] ZINC03814441|cdk2_ligands|dock2_L#1
[H:31][c:4]1[c:5]2[C:9]([C:8]([N:7]([H:30])[c:6]2[c:1]([H:34])[c:2]([H:33])[c:3]1[Br:32])=[O:29])=[N:10][N:11]([H:28])[c:12]1[c:17]([H:18])[c:16]([H:19])[c:15]([c:14]([H:26])[c:13]1[H:27])[S:20]([N:21]([H:23])[H:22])(=[O:24])=[O:25] ZINC03814441|cdk2_ligands|dock4
[C:9]1([CH2:8][NH:7][c:6]2[c:5]1[cH:4][cH:3][cH:2][cH:1]2)=[N:10][NH:11][c:12]2[cH:13][cH:14][cH:15][cH:16][cH:17]2 ZINC03814441|cdk2_ligands|dock4_F#1
[CH2:9]1[CH2:8][NH:7][c:6]2[c:5]1[cH:4][cH:3][cH:2][cH:1]2 ZINC03814441|cdk2_ligands|dock4_R#1
[cH:12]1[cH:13][cH:14][cH:15][cH:16][cH:17]1 ZINC03814441|cdk2_ligands|dock4_R#2
[NH2:10][NH2:11] ZINC03814441|cdk2_ligands|dock4_L#1
[H:34][c:27]1[c:28]2[c:29]([c:24]3[C:23]([C:37]([N:36]([H:39])[c:25]3[c:26]1[H:35])=[O:38])=[N:22][N:21]([H:40])[c:3]1[c:4]([H:20])[c:5]([H:19])[c:6]([c:1]([H:42])[c:2]1[H:41])[C:7]([H:18])([H:17])[S:8]([N:9]([H:14])[C:10]([H:13])([H:12])[H:11])(=[O:15])=[O:16])[s:30][c:31]([H:33])[n:32]2 ZINC03814444|cdk2_ligands|dock6
[C:23]1([CH2:37][NH:36][c:25]2[c:24]1[c:29]1[c:28]([cH:27][cH:26]2)[n:32][cH:31][s:30]1)=[N:22][NH:21][c:3]1[cH:4][cH:5][cH:6][cH:1][cH:2]1 ZINC03814444|cdk2_ligands|dock6_F#1
[cH:1]1[cH:2][cH:3][cH:4][cH:5][cH:6]1 ZINC03814444|cdk2_ligands|dock6_R#1
[CH2:23]1[CH2:37][NH:36][c:25]2[c:24]1[c:29]1[c:28]([cH:27][cH:26]2)[n:32][cH:31][s:30]1 ZINC03814444|cdk2_ligands|dock6_R#2
[NH2:21][NH2:22] ZINC03814444|cdk2_ligands|dock6_L#1
[H:34][c:27]1[c:28]2[c:29]([c:24]3[C:23]([C:37]([N:36]([H:39])[c:25]3[c:26]1[H:35])=[O:38])=[N:22][N:21]([H:40])[c:3]1[c:4]([H:20])[c:5]([H:19])[c:6]([c:1]([H:42])[c:2]1[H:41])[C:7]([H:18])([H:17])[S:8]([N:9]([H:14])[C:10]([H:13])([H:12])[H:11])(=[O:15])=[O:16])[s:30][c:31]([H:33])[n:32]2 ZINC03814444|cdk2_ligands|dock1
[C:23]1([CH2:37][NH:36][c:25]2[c:24]1[c:29]1[c:28]([cH:27][cH:26]2)[n:32][cH:31][s:30]1)=[N:22][NH:21][c:3]1[cH:4][cH:5][cH:6][cH:1][cH:2]1 ZINC03814444|cdk2_ligands|dock1_F#1
[cH:1]1[cH:2][cH:3][cH:4][cH:5][cH:6]1 ZINC03814444|cdk2_ligands|dock1_R#1
[CH2:23]1[CH2:37][NH:36][c:25]2[c:24]1[c:29]1[c:28]([cH:27][cH:26]2)[n:32][cH:31][s:30]1 ZINC03814444|cdk2_ligands|dock1_R#2
[NH2:21][NH2:22] ZINC03814444|cdk2_ligands|dock1_L#1
[H:34][c:27]1[c:28]2[c:29]([c:24]3[C:23]([C:37]([N:36]([H:39])[c:25]3[c:26]1[H:35])=[O:38])=[N:22][N:21]([H:40])[c:3]1[c:4]([H:20])[c:5]([H:19])[c:6]([c:1]([H:42])[c:2]1[H:41])[C:7]([H:18])([H:17])[S:8]([N:9]([H:14])[C:10]([H:13])([H:12])[H:11])(=[O:15])=[O:16])[s:30][c:31]([H:33])[n:32]2 ZINC03814444|cdk2_ligands|dock10
[C:23]1([CH2:37][NH:36][c:25]2[c:24]1[c:29]1[c:28]([cH:27][cH:26]2)[n:32][cH:31][s:30]1)=[N:22][NH:21][c:3]1[cH:4][cH:5][cH:6][cH:1][cH:2]1 ZINC03814444|cdk2_ligands|dock10_F#1
[cH:1]1[cH:2][cH:3][cH:4][cH:5][cH:6]1 ZINC03814444|cdk2_ligands|dock10_R#1
[CH2:23]1[CH2:37][NH:36][c:25]2[c:24]1[c:29]1[c:28]([cH:27][cH:26]2)[n:32][cH:31][s:30]1 ZINC03814444|cdk2_ligands|dock10_R#2
[NH2:21][NH2:22] ZINC03814444|cdk2_ligands|dock10_L#1
[H:30][C:17]12[c:16]3[c:15]([C:28]([N:18]1[C:19]([H:27])([H:26])[C:20]([H:25])([H:24])[C:21]2([H:23])[H:22])=[O:29])[c:14]([H:31])[c:13]([H:32])[c:12]([H:33])[c:11]3[N:10]([H:34])[C:9]([N:8]([H:36])[c:5]3[c:6]([H:7])[c:1]([H:39])[c:2]([H:38])[c:3]([H:37])[n:4]3)=[O:35] ZINC03814449|cdk2_ligands|dock2
[CH2:21]1[CH2:20][CH2:19][N:18]2[CH:17]1[c:16]1[c:15]([CH2:28]2)[cH:14][cH:13][cH:12][c:11]1[NH:10][CH2:9][NH:8][c:5]1[cH:6][cH:1][cH:2][cH:3][n:4]1 ZINC03814449|cdk2_ligands|dock2_F#1
[cH:1]1[cH:2][cH:3][n:4][cH:5][cH:6]1 ZINC03814449|cdk2_ligands|dock2_R#1
[CH2:21]1[CH2:20][CH2:19][N:18]2[CH:17]1[c:16]1[c:15]([CH2:28]2)[cH:14][cH:13][cH:12][cH:11]1 ZINC03814449|cdk2_ligands|dock2_R#2
[CH2:9]([NH2:8])[NH2:10] ZINC03814449|cdk2_ligands|dock2_L#1
[H:30][C:17]12[c:16]3[c:15]([C:28]([N:18]1[C:19]([H:27])([H:26])[C:20]([H:25])([H:24])[C:21]2([H:23])[H:22])=[O:29])[c:14]([H:31])[c:13]([H:32])[c:12]([H:33])[c:11]3[N:10]([H:34])[C:9]([N:8]([H:36])[c:5]3[c:6]([H:7])[c:1]([H:39])[c:2]([H:38])[c:3]([H:37])[n:4]3)=[O:35] ZINC03814449|cdk2_ligands|dock5
[CH2:21]1[CH2:20][CH2:19][N:18]2[CH:17]1[c:16]1[c:15]([CH2:28]2)[cH:14][cH:13][cH:12][c:11]1[NH:10][CH2:9][NH:8][c:5]1[cH:6][cH:1][cH:2][cH:3][n:4]1 ZINC03814449|cdk2_ligands|dock5_F#1
[cH:1]1[cH:2][cH:3][n:4][cH:5][cH:6]1 ZINC03814449|cdk2_ligands|dock5_R#1
[CH2:21]1[CH2:20][CH2:19][N:18]2[CH:17]1[c:16]1[c:15]([CH2:28]2)[cH:14][cH:13][cH:12][cH:11]1 ZINC03814449|cdk2_ligands|dock5_R#2
[CH2:9]([NH2:8])[NH2:10] ZINC03814449|cdk2_ligands|dock5_L#1
[H:30][C:17]12[c:16]3[c:15]([C:28]([N:18]1[C:19]([H:27])([H:26])[C:20]([H:25])([H:24])[C:21]2([H:23])[H:22])=[O:29])[c:14]([H:31])[c:13]([H:32])[c:12]([H:33])[c:11]3[N:10]([H:34])[C:9]([N:8]([H:36])[c:5]3[c:6]([H:7])[c:1]([H:39])[c:2]([H:38])[c:3]([H:37])[n:4]3)=[O:35] ZINC03814449|cdk2_ligands|dock7
[CH2:21]1[CH2:20][CH2:19][N:18]2[CH:17]1[c:16]1[c:15]([CH2:28]2)[cH:14][cH:13][cH:12][c:11]1[NH:10][CH2:9][NH:8][c:5]1[cH:6][cH:1][cH:2][cH:3][n:4]1 ZINC03814449|cdk2_ligands|dock7_F#1
[cH:1]1[cH:2][cH:3][n:4][cH:5][cH:6]1 ZINC03814449|cdk2_ligands|dock7_R#1
[CH2:21]1[CH2:20][CH2:19][N:18]2[CH:17]1[c:16]1[c:15]([CH2:28]2)[cH:14][cH:13][cH:12][cH:11]1 ZINC03814449|cdk2_ligands|dock7_R#2
[CH2:9]([NH2:8])[NH2:10] ZINC03814449|cdk2_ligands|dock7_L#1