! Removed 27 atoms from the receptor structure
- Generating interaction pharmacophore of molecule 'LS2' (#1)...
 -> Generated 27 features: H(3), HBD(3), HBA(3), XV(18)
Done!
