[c:1]1([c:2]([c:3]([c:4]2[c:5]([c:6]1[H:7])\[C:8]([C:9]([N:10]2[H:11])=[O:12])=[C:13](\[N:14]([c:15]2[c:16]([c:17]([c:18]([c:19]([c:20]2[H:21])[H:22])[S@@:23]([N:24]([C:25]([H:26])([H:27])[H:28])[H:29])(=[O:30])=[O:31])[H:32])[H:33])[H:34])[H:35])[H:36])[H:37])[H:38] ZINC03814443|cdk2_ligands|dock1
[c:1]1([c:2]([c:3]([c:4]2[c:5]([c:6]1[H:7])\[C:8]([C:9]([N:10]2[H:11])=[O:12])=[C:13](\[N:14]([cH3:15])[H:34])[H:35])[H:36])[H:37])[H:38] ZINC03814443|cdk2_ligands|dock1_F#1
[c:15]1([NH2:14])[c:16]([c:17]([c:18]([c:19]([c:20]1[H:21])[H:22])[S@@:23]([NH2:24])(=[O:30])=[O:31])[H:32])[H:33] ZINC03814443|cdk2_ligands|dock1_F#2
[N:24]([SH:23])([C:25]([H:26])([H:27])[H:28])[H:29] ZINC03814443|cdk2_ligands|dock1_F#3
[c:1]1([c:2]([c:3]([c:4]2[c:5]([c:6]1[H:7])\[C:8]([C:9]([N:10]2[H:11])=[O:12])=[C:13](\[N:14]([c:15]2[c:16]([c:17]([c:18]([c:19]([c:20]2[H:21])[H:22])[S@@:23]([N:24]([C:25]([H:26])([H:27])[H:28])[H:29])(=[O:30])=[O:31])[H:32])[H:33])[H:34])[H:35])[H:36])[H:37])[H:38] ZINC03814443|cdk2_ligands|dock5
[c:1]1([c:2]([c:3]([c:4]2[c:5]([c:6]1[H:7])\[C:8]([C:9]([N:10]2[H:11])=[O:12])=[C:13](\[N:14]([cH3:15])[H:34])[H:35])[H:36])[H:37])[H:38] ZINC03814443|cdk2_ligands|dock5_F#1
[c:15]1([NH2:14])[c:16]([c:17]([c:18]([c:19]([c:20]1[H:21])[H:22])[S@@:23]([NH2:24])(=[O:30])=[O:31])[H:32])[H:33] ZINC03814443|cdk2_ligands|dock5_F#2
[N:24]([SH:23])([C:25]([H:26])([H:27])[H:28])[H:29] ZINC03814443|cdk2_ligands|dock5_F#3
[c:1]1([c:2]([c:3]([c:4]2[c:5]([c:6]1[H:7])\[C:8]([C:9]([N:10]2[H:11])=[O:12])=[C:13](\[N:14]([c:15]2[c:16]([c:17]([c:18]([c:19]([c:20]2[H:21])[H:22])[S@@:23]([N:24]([C:25]([H:26])([H:27])[H:28])[H:29])(=[O:30])=[O:31])[H:32])[H:33])[H:34])[H:35])[H:36])[H:37])[H:38] ZINC03814443|cdk2_ligands|dock9
[c:1]1([c:2]([c:3]([c:4]2[c:5]([c:6]1[H:7])\[C:8]([C:9]([N:10]2[H:11])=[O:12])=[C:13](\[N:14]([cH3:15])[H:34])[H:35])[H:36])[H:37])[H:38] ZINC03814443|cdk2_ligands|dock9_F#1
[c:15]1([NH2:14])[c:16]([c:17]([c:18]([c:19]([c:20]1[H:21])[H:22])[S@@:23]([NH2:24])(=[O:30])=[O:31])[H:32])[H:33] ZINC03814443|cdk2_ligands|dock9_F#2
[N:24]([SH:23])([C:25]([H:26])([H:27])[H:28])[H:29] ZINC03814443|cdk2_ligands|dock9_F#3
[c:1]1([c:2]([c:3]([c:4]2[c:5]([c:6]1[H:7])\[C:8]([C:9]([N:10]2[H:11])=[O:12])=[C:13](\[N:14]([c:15]2[c:16]([c:17]([c:18]([c:19]([c:20]2[H:21])[H:22])[S@:23]([N:24]([c:25]2[n:26][c:27]([c:28]([s:29]2)[H:30])[H:31])[H:32])(=[O:33])=[O:34])[H:35])[H:36])[H:37])[H:38])[H:39])[H:40])[H:41] ZINC03814447|cdk2_ligands|dock1
[c:1]1([c:2]([c:3]([c:4]2[c:5]([c:6]1[H:7])\[C:8]([C:9]([N:10]2[H:11])=[O:12])=[C:13](\[N:14]([cH3:15])[H:37])[H:38])[H:39])[H:40])[H:41] ZINC03814447|cdk2_ligands|dock1_F#1
[c:15]1([NH2:14])[c:16]([c:17]([c:18]([c:19]([c:20]1[H:21])[H:22])[S@:23]([NH2:24])(=[O:33])=[O:34])[H:35])[H:36] ZINC03814447|cdk2_ligands|dock1_F#2
[N:24]([SH:23])([cH3:25])[H:32] ZINC03814447|cdk2_ligands|dock1_F#3
[c:25]1([NH2:24])[n:26][c:27]([c:28]([s:29]1)[H:30])[H:31] ZINC03814447|cdk2_ligands|dock1_F#4
[c:1]1([c:2]([c:3]([c:4]2[c:5]([c:6]1[H:7])\[C:8]([C:9]([N:10]2[H:11])=[O:12])=[C:13](\[N:14]([c:15]2[c:16]([c:17]([c:18]([c:19]([c:20]2[H:21])[H:22])[S@:23]([N:24]([c:25]2[n:26][c:27]([c:28]([s:29]2)[H:30])[H:31])[H:32])(=[O:33])=[O:34])[H:35])[H:36])[H:37])[H:38])[H:39])[H:40])[H:41] ZINC03814447|cdk2_ligands|dock4
[c:1]1([c:2]([c:3]([c:4]2[c:5]([c:6]1[H:7])\[C:8]([C:9]([N:10]2[H:11])=[O:12])=[C:13](\[N:14]([cH3:15])[H:37])[H:38])[H:39])[H:40])[H:41] ZINC03814447|cdk2_ligands|dock4_F#1
[c:15]1([NH2:14])[c:16]([c:17]([c:18]([c:19]([c:20]1[H:21])[H:22])[S@:23]([NH2:24])(=[O:33])=[O:34])[H:35])[H:36] ZINC03814447|cdk2_ligands|dock4_F#2
[N:24]([SH:23])([cH3:25])[H:32] ZINC03814447|cdk2_ligands|dock4_F#3
[c:25]1([NH2:24])[n:26][c:27]([c:28]([s:29]1)[H:30])[H:31] ZINC03814447|cdk2_ligands|dock4_F#4
[c:1]1([c:2]([c:3]([c:4]2[c:5]([c:6]1[H:7])\[C:8]([C:9]([N:10]2[H:11])=[O:12])=[C:13](\[N:14]([c:15]2[c:16]([c:17]([c:18]([c:19]([c:20]2[H:21])[H:22])[S@:23]([N:24]([c:25]2[n:26][c:27]([c:28]([s:29]2)[H:30])[H:31])[H:32])(=[O:33])=[O:34])[H:35])[H:36])[H:37])[H:38])[H:39])[H:40])[H:41] ZINC03814447|cdk2_ligands|dock2
[c:1]1([c:2]([c:3]([c:4]2[c:5]([c:6]1[H:7])\[C:8]([C:9]([N:10]2[H:11])=[O:12])=[C:13](\[N:14]([cH3:15])[H:37])[H:38])[H:39])[H:40])[H:41] ZINC03814447|cdk2_ligands|dock2_F#1
[c:15]1([NH2:14])[c:16]([c:17]([c:18]([c:19]([c:20]1[H:21])[H:22])[S@:23]([NH2:24])(=[O:33])=[O:34])[H:35])[H:36] ZINC03814447|cdk2_ligands|dock2_F#2
[N:24]([SH:23])([cH3:25])[H:32] ZINC03814447|cdk2_ligands|dock2_F#3
[c:25]1([NH2:24])[n:26][c:27]([c:28]([s:29]1)[H:30])[H:31] ZINC03814447|cdk2_ligands|dock2_F#4
[c:1]1([c:2]([c:3]([c:4]2[c:5]([c:6]1[H:7])[C:8](\[C:9](=[C:10]1/[c:11]3[c:12]([c:13]([c:14]([c:15]([c:16]3[N:17]([C:18]1=[O:19])[H:20])[H:21])[H:22])[S:23](=[O:24])(=[O:25])[O-:26])[H:27])[N:28]2[H:29])=[O:30])[H:31])[H:32])[H:33] ZINC03814440|cdk2_ligands|dock3
[c:1]1([c:2]([c:3]([c:4]2[c:5]([c:6]1[H:7])[C:8](\[C:9](=[C:10]1/[c:11]3[c:12]([c:13]([c:14]([c:15]([c:16]3[N:17]([C:18]1=[O:19])[H:20])[H:21])[H:22])[S:23](=[O:24])(=[O:25])[O-:26])[H:27])[N:28]2[H:29])=[O:30])[H:31])[H:32])[H:33] ZINC03814440|cdk2_ligands|dock3_F#1
[c:1]1([c:2]([c:3]([c:4]2[c:5]([c:6]1[H:7])[C:8](\[C:9](=[C:10]1/[c:11]3[c:12]([c:13]([c:14]([c:15]([c:16]3[N:17]([C:18]1=[O:19])[H:20])[H:21])[H:22])[S:23](=[O:24])(=[O:25])[O-:26])[H:27])[N:28]2[H:29])=[O:30])[H:31])[H:32])[H:33] ZINC03814440|cdk2_ligands|dock1
[c:1]1([c:2]([c:3]([c:4]2[c:5]([c:6]1[H:7])[C:8](\[C:9](=[C:10]1/[c:11]3[c:12]([c:13]([c:14]([c:15]([c:16]3[N:17]([C:18]1=[O:19])[H:20])[H:21])[H:22])[S:23](=[O:24])(=[O:25])[O-:26])[H:27])[N:28]2[H:29])=[O:30])[H:31])[H:32])[H:33] ZINC03814440|cdk2_ligands|dock1_F#1
[c:1]1([c:2]([c:3]([c:4]2[c:5]([c:6]1[H:7])[C:8](\[C:9](=[C:10]1/[c:11]3[c:12]([c:13]([c:14]([c:15]([c:16]3[N:17]([C:18]1=[O:19])[H:20])[H:21])[H:22])[S:23](=[O:24])(=[O:25])[O-:26])[H:27])[N:28]2[H:29])=[O:30])[H:31])[H:32])[H:33] ZINC03814440|cdk2_ligands|dock2
[c:1]1([c:2]([c:3]([c:4]2[c:5]([c:6]1[H:7])[C:8](\[C:9](=[C:10]1/[c:11]3[c:12]([c:13]([c:14]([c:15]([c:16]3[N:17]([C:18]1=[O:19])[H:20])[H:21])[H:22])[S:23](=[O:24])(=[O:25])[O-:26])[H:27])[N:28]2[H:29])=[O:30])[H:31])[H:32])[H:33] ZINC03814440|cdk2_ligands|dock2_F#1
[c:1]1([c:2]([c:3]([c:4]([c:5]2[c:6]1[N:7]([C:8](\[C:9]2=[N:10]/[N:11]([c:12]2[c:13]([c:14]([c:15]([c:16]([c:17]2[H:18])[H:19])[S:20]([N:21]([H:22])[H:23])(=[O:24])=[O:25])[H:26])[H:27])[H:28])=[O:29])[H:30])[H:31])[Br:32])[H:33])[H:34] ZINC03814441|cdk2_ligands|dock5
[c:1]1([c:2]([c:3]([c:4]([c:5]2[c:6]1[N:7]([C:8](\[C:9]2=[N:10]/[N:11]([cH3:12])[H:28])=[O:29])[H:30])[H:31])[Br:32])[H:33])[H:34] ZINC03814441|cdk2_ligands|dock5_F#1
[c:12]1([NH2:11])[c:13]([c:14]([c:15]([c:16]([c:17]1[H:18])[H:19])[S:20]([N:21]([H:22])[H:23])(=[O:24])=[O:25])[H:26])[H:27] ZINC03814441|cdk2_ligands|dock5_F#2
[c:1]1([c:2]([c:3]([c:4]([c:5]2[c:6]1[N:7]([C:8](\[C:9]2=[N:10]/[N:11]([c:12]2[c:13]([c:14]([c:15]([c:16]([c:17]2[H:18])[H:19])[S:20]([N:21]([H:22])[H:23])(=[O:24])=[O:25])[H:26])[H:27])[H:28])=[O:29])[H:30])[H:31])[Br:32])[H:33])[H:34] ZINC03814441|cdk2_ligands|dock2
[c:1]1([c:2]([c:3]([c:4]([c:5]2[c:6]1[N:7]([C:8](\[C:9]2=[N:10]/[N:11]([cH3:12])[H:28])=[O:29])[H:30])[H:31])[Br:32])[H:33])[H:34] ZINC03814441|cdk2_ligands|dock2_F#1
[c:12]1([NH2:11])[c:13]([c:14]([c:15]([c:16]([c:17]1[H:18])[H:19])[S:20]([N:21]([H:22])[H:23])(=[O:24])=[O:25])[H:26])[H:27] ZINC03814441|cdk2_ligands|dock2_F#2
[c:1]1([c:2]([c:3]([c:4]([c:5]2[c:6]1[N:7]([C:8](\[C:9]2=[N:10]/[N:11]([c:12]2[c:13]([c:14]([c:15]([c:16]([c:17]2[H:18])[H:19])[S:20]([N:21]([H:22])[H:23])(=[O:24])=[O:25])[H:26])[H:27])[H:28])=[O:29])[H:30])[H:31])[Br:32])[H:33])[H:34] ZINC03814441|cdk2_ligands|dock4
[c:1]1([c:2]([c:3]([c:4]([c:5]2[c:6]1[N:7]([C:8](\[C:9]2=[N:10]/[N:11]([cH3:12])[H:28])=[O:29])[H:30])[H:31])[Br:32])[H:33])[H:34] ZINC03814441|cdk2_ligands|dock4_F#1
[c:12]1([NH2:11])[c:13]([c:14]([c:15]([c:16]([c:17]1[H:18])[H:19])[S:20]([N:21]([H:22])[H:23])(=[O:24])=[O:25])[H:26])[H:27] ZINC03814441|cdk2_ligands|dock4_F#2
[c:1]1([c:2]([c:3]([c:4]([c:5]([c:6]1[C:7]([S@@:8]([N:9]([C:10]([H:11])([H:12])[H:13])[H:14])(=[O:15])=[O:16])([H:17])[H:18])[H:19])[H:20])[N:21](\[N:22]=[C:23]1\[c:24]2[c:25]([c:26]([c:27]([c:28]3[c:29]2[s:30][c:31]([n:32]3)[H:33])[H:34])[H:35])[N:36]([C:37]1=[O:38])[H:39])[H:40])[H:41])[H:42] ZINC03814444|cdk2_ligands|dock6
[c:1]1([c:2]([c:3]([c:4]([c:5]([c:6]1[CH3:7])[H:19])[H:20])[NH2:21])[H:41])[H:42] ZINC03814444|cdk2_ligands|dock6_F#1
[C:7]([cH3:6])([S@@:8]([NH2:9])(=[O:15])=[O:16])([H:17])[H:18] ZINC03814444|cdk2_ligands|dock6_F#2
[N:9]([SH:8])([C:10]([H:11])([H:12])[H:13])[H:14] ZINC03814444|cdk2_ligands|dock6_F#3
[N:21]([cH3:3])(\[N:22]=[C:23]1\[c:24]2[c:25]([c:26]([c:27]([c:28]3[c:29]2[s:30][c:31]([n:32]3)[H:33])[H:34])[H:35])[N:36]([C:37]1=[O:38])[H:39])[H:40] ZINC03814444|cdk2_ligands|dock6_F#4
[c:1]1([c:2]([c:3]([c:4]([c:5]([c:6]1[C:7]([S@@:8]([N:9]([C:10]([H:11])([H:12])[H:13])[H:14])(=[O:15])=[O:16])([H:17])[H:18])[H:19])[H:20])[N:21](\[N:22]=[C:23]1\[c:24]2[c:25]([c:26]([c:27]([c:28]3[c:29]2[s:30][c:31]([n:32]3)[H:33])[H:34])[H:35])[N:36]([C:37]1=[O:38])[H:39])[H:40])[H:41])[H:42] ZINC03814444|cdk2_ligands|dock1
[c:1]1([c:2]([c:3]([c:4]([c:5]([c:6]1[CH3:7])[H:19])[H:20])[NH2:21])[H:41])[H:42] ZINC03814444|cdk2_ligands|dock1_F#1
[C:7]([cH3:6])([S@@:8]([NH2:9])(=[O:15])=[O:16])([H:17])[H:18] ZINC03814444|cdk2_ligands|dock1_F#2
[N:9]([SH:8])([C:10]([H:11])([H:12])[H:13])[H:14] ZINC03814444|cdk2_ligands|dock1_F#3
[N:21]([cH3:3])(\[N:22]=[C:23]1\[c:24]2[c:25]([c:26]([c:27]([c:28]3[c:29]2[s:30][c:31]([n:32]3)[H:33])[H:34])[H:35])[N:36]([C:37]1=[O:38])[H:39])[H:40] ZINC03814444|cdk2_ligands|dock1_F#4
[c:1]1([c:2]([c:3]([c:4]([c:5]([c:6]1[C:7]([S@@:8]([N:9]([C:10]([H:11])([H:12])[H:13])[H:14])(=[O:15])=[O:16])([H:17])[H:18])[H:19])[H:20])[N:21](\[N:22]=[C:23]1\[c:24]2[c:25]([c:26]([c:27]([c:28]3[c:29]2[s:30][c:31]([n:32]3)[H:33])[H:34])[H:35])[N:36]([C:37]1=[O:38])[H:39])[H:40])[H:41])[H:42] ZINC03814444|cdk2_ligands|dock10
[c:1]1([c:2]([c:3]([c:4]([c:5]([c:6]1[CH3:7])[H:19])[H:20])[NH2:21])[H:41])[H:42] ZINC03814444|cdk2_ligands|dock10_F#1
[C:7]([cH3:6])([S@@:8]([NH2:9])(=[O:15])=[O:16])([H:17])[H:18] ZINC03814444|cdk2_ligands|dock10_F#2
[N:9]([SH:8])([C:10]([H:11])([H:12])[H:13])[H:14] ZINC03814444|cdk2_ligands|dock10_F#3
[N:21]([cH3:3])(\[N:22]=[C:23]1\[c:24]2[c:25]([c:26]([c:27]([c:28]3[c:29]2[s:30][c:31]([n:32]3)[H:33])[H:34])[H:35])[N:36]([C:37]1=[O:38])[H:39])[H:40] ZINC03814444|cdk2_ligands|dock10_F#4
[c:1]1([c:2]([c:3]([n:4][c:5]([c:6]1[H:7])[N:8]([C:9]([N:10]([c:11]1[c:12]([c:13]([c:14]([c:15]2[c:16]1[C@@:17]1([N:18]([C:19]([C:20]([C:21]1([H:22])[H:23])([H:24])[H:25])([H:26])[H:27])[C:28]2=[O:29])[H:30])[H:31])[H:32])[H:33])[H:34])=[O:35])[H:36])[H:37])[H:38])[H:39] ZINC03814449|cdk2_ligands|dock2
[c:1]1([c:2]([c:3]([n:4][c:5]([c:6]1[H:7])[NH2:8])[H:37])[H:38])[H:39] ZINC03814449|cdk2_ligands|dock2_F#1
[N:8]([cH3:5])([CH3:9])[H:36] ZINC03814449|cdk2_ligands|dock2_F#2
[C:9]([NH2:8])([NH2:10])=[O:35] ZINC03814449|cdk2_ligands|dock2_F#3
[N:10]([CH3:9])([cH3:11])[H:34] ZINC03814449|cdk2_ligands|dock2_F#4
[c:11]1([NH2:10])[c:12]([c:13]([c:14]([c:15]2[c:16]1[C@@:17]1([N:18]([C:19]([C:20]([C:21]1([H:22])[H:23])([H:24])[H:25])([H:26])[H:27])[C:28]2=[O:29])[H:30])[H:31])[H:32])[H:33] ZINC03814449|cdk2_ligands|dock2_F#5
[c:1]1([c:2]([c:3]([n:4][c:5]([c:6]1[H:7])[N:8]([C:9]([N:10]([c:11]1[c:12]([c:13]([c:14]([c:15]2[c:16]1[C@@:17]1([N:18]([C:19]([C:20]([C:21]1([H:22])[H:23])([H:24])[H:25])([H:26])[H:27])[C:28]2=[O:29])[H:30])[H:31])[H:32])[H:33])[H:34])=[O:35])[H:36])[H:37])[H:38])[H:39] ZINC03814449|cdk2_ligands|dock5
[c:1]1([c:2]([c:3]([n:4][c:5]([c:6]1[H:7])[NH2:8])[H:37])[H:38])[H:39] ZINC03814449|cdk2_ligands|dock5_F#1
[N:8]([cH3:5])([CH3:9])[H:36] ZINC03814449|cdk2_ligands|dock5_F#2
[C:9]([NH2:8])([NH2:10])=[O:35] ZINC03814449|cdk2_ligands|dock5_F#3
[N:10]([CH3:9])([cH3:11])[H:34] ZINC03814449|cdk2_ligands|dock5_F#4
[c:11]1([NH2:10])[c:12]([c:13]([c:14]([c:15]2[c:16]1[C@@:17]1([N:18]([C:19]([C:20]([C:21]1([H:22])[H:23])([H:24])[H:25])([H:26])[H:27])[C:28]2=[O:29])[H:30])[H:31])[H:32])[H:33] ZINC03814449|cdk2_ligands|dock5_F#5
[c:1]1([c:2]([c:3]([n:4][c:5]([c:6]1[H:7])[N:8]([C:9]([N:10]([c:11]1[c:12]([c:13]([c:14]([c:15]2[c:16]1[C@@:17]1([N:18]([C:19]([C:20]([C:21]1([H:22])[H:23])([H:24])[H:25])([H:26])[H:27])[C:28]2=[O:29])[H:30])[H:31])[H:32])[H:33])[H:34])=[O:35])[H:36])[H:37])[H:38])[H:39] ZINC03814449|cdk2_ligands|dock7
[c:1]1([c:2]([c:3]([n:4][c:5]([c:6]1[H:7])[NH2:8])[H:37])[H:38])[H:39] ZINC03814449|cdk2_ligands|dock7_F#1
[N:8]([cH3:5])([CH3:9])[H:36] ZINC03814449|cdk2_ligands|dock7_F#2
[C:9]([NH2:8])([NH2:10])=[O:35] ZINC03814449|cdk2_ligands|dock7_F#3
[N:10]([CH3:9])([cH3:11])[H:34] ZINC03814449|cdk2_ligands|dock7_F#4
[c:11]1([NH2:10])[c:12]([c:13]([c:14]([c:15]2[c:16]1[C@@:17]1([N:18]([C:19]([C:20]([C:21]1([H:22])[H:23])([H:24])[H:25])([H:26])[H:27])[C:28]2=[O:29])[H:30])[H:31])[H:32])[H:33] ZINC03814449|cdk2_ligands|dock7_F#5