Composition of pharmacophore '1dwc_MIT_1_H_1__D___':
 - Feature #0:
  - Type: HYDROPHOBIC
  - Geometry: SPHERE
  - Tolerance: 1.5
  - Weight: 1.0
  - Optional: False
  - Disabled: False
  - Length: 1.0
  - Hydrophobicity: 2.3680062294006348
  - Position: [3](30.6431,10.208,24.6583)
 - Feature #1:
  - Type: HYDROPHOBIC
  - Geometry: SPHERE
  - Tolerance: 1.5
  - Weight: 1.0
  - Optional: False
  - Disabled: False
  - Length: 1.0
  - Hydrophobicity: 2.0086073875427246
  - Position: [3](31.8824,10.8049,27.1081)
 - Feature #2:
  - Type: HYDROPHOBIC
  - Geometry: SPHERE
  - Tolerance: 1.5
  - Weight: 1.0
  - Optional: False
  - Disabled: False
  - Length: 1.0
  - Hydrophobicity: 0.8417263627052307
  - Position: [3](33.794,10.424,28.673)
 - Feature #3:
  - Type: HYDROPHOBIC
  - Geometry: SPHERE
  - Tolerance: 1.5
  - Weight: 1.0
  - Optional: False
  - Disabled: False
  - Length: 1.0
  - Hydrophobicity: 1.134719967842102
  - Position: [3](31.1545,17.8945,24.2796)
 - Feature #4:
  - Type: HYDROPHOBIC
  - Geometry: SPHERE
  - Tolerance: 1.5
  - Weight: 1.0
  - Optional: False
  - Disabled: False
  - Length: 1.0
  - Hydrophobicity: 0.8417263627052307
  - Position: [3](32.8,10.219,20.483)
 - Feature #5:
  - Type: AROMATIC
  - Geometry: PLANE
  - Tolerance: 0.8999999761581421
  - Weight: 1.0
  - Optional: False
  - Disabled: False
  - Length: 1.0
  - Hydrophobicity: 0.0
  - Position: [3](30.3358,10.8502,25.0028)
  - Orientation: [3](0.688932,0.570169,-0.447527)
 - Feature #6:
  - Type: NEGATIVE_IONIZABLE
  - Geometry: SPHERE
  - Tolerance: 1.5
  - Weight: 1.0
  - Optional: False
  - Disabled: False
  - Length: 1.0
  - Hydrophobicity: 0.0
  - Position: [3](32.2127,14.984,20.5903)
 - Feature #7:
  - Type: POSITIVE_IONIZABLE
  - Geometry: SPHERE
  - Tolerance: 1.5
  - Weight: 1.0
  - Optional: False
  - Disabled: False
  - Length: 1.0
  - Hydrophobicity: 0.0
  - Position: [3](32.8338,19.8455,25.3797)
 - Feature #8:
  - Type: H_BOND_DONOR
  - Geometry: VECTOR
  - Tolerance: 1.5
  - Weight: 1.0
  - Optional: False
  - Disabled: False
  - Length: 2.5
  - Hydrophobicity: 0.0
  - Position: [3](30.826,12.247,27.3)
  - Orientation: [3](-0.525068,0.845075,0.100756)
 - Feature #9:
  - Type: H_BOND_DONOR
  - Geometry: VECTOR
  - Tolerance: 1.5
  - Weight: 1.0
  - Optional: False
  - Disabled: False
  - Length: 2.5
  - Hydrophobicity: 0.0
  - Position: [3](29.732,14.82,25.183)
  - Orientation: [3](0.142949,0.843986,0.516966)
 - Feature #10:
  - Type: H_BOND_DONOR
  - Geometry: VECTOR
  - Tolerance: 1.5
  - Weight: 1.0
  - Optional: False
  - Disabled: False
  - Length: 2.5
  - Hydrophobicity: 0.0
  - Position: [3](31.58,19.501,25.067)
  - Orientation: [3](-0.727735,0.427255,0.536521)
 - Feature #11:
  - Type: H_BOND_DONOR
  - Geometry: SPHERE
  - Tolerance: 1.5
  - Weight: 1.0
  - Optional: False
  - Disabled: False
  - Length: 1.0
  - Hydrophobicity: 0.0
  - Position: [3](33.869,19.302,24.687)
  - Orientation: [3](0.758761,-0.423905,-0.494556)
 - Feature #12:
  - Type: H_BOND_DONOR
  - Geometry: SPHERE
  - Tolerance: 1.5
  - Weight: 1.0
  - Optional: False
  - Disabled: False
  - Length: 1.0
  - Hydrophobicity: 0.0
  - Position: [3](33.048,20.701,26.406)
  - Orientation: [3](0.155763,0.610444,0.776592)
 - Feature #13:
  - Type: H_BOND_ACCEPTOR
  - Geometry: SPHERE
  - Tolerance: 1.5
  - Weight: 1.0
  - Optional: False
  - Disabled: False
  - Length: 1.0
  - Hydrophobicity: 0.0
  - Position: [3](33.869,19.302,24.687)
  - Orientation: [3](-0.758761,0.423905,0.494556)
 - Feature #14:
  - Type: H_BOND_ACCEPTOR
  - Geometry: SPHERE
  - Tolerance: 1.5
  - Weight: 1.0
  - Optional: False
  - Disabled: False
  - Length: 1.0
  - Hydrophobicity: 0.0
  - Position: [3](31.58,19.501,25.067)
  - Orientation: [3](0.727735,-0.427255,-0.536521)
 - Feature #15:
  - Type: H_BOND_ACCEPTOR
  - Geometry: SPHERE
  - Tolerance: 1.5
  - Weight: 1.0
  - Optional: False
  - Disabled: False
  - Length: 1.0
  - Hydrophobicity: 0.0
  - Position: [3](32.518,15.723,21.305)
  - Orientation: [3](-0.228313,-0.885953,-0.403684)
 - Feature #16:
  - Type: H_BOND_ACCEPTOR
  - Geometry: SPHERE
  - Tolerance: 1.5
  - Weight: 1.0
  - Optional: False
  - Disabled: False
  - Length: 1.0
  - Hydrophobicity: 0.0
  - Position: [3](28.554,13.649,27.057)
  - Orientation: [3](0.137578,-0.0944978,-0.985973)
 - Feature #17:
  - Type: H_BOND_ACCEPTOR
  - Geometry: SPHERE
  - Tolerance: 1.5
  - Weight: 1.0
  - Optional: False
  - Disabled: False
  - Length: 1.0
  - Hydrophobicity: 0.0
  - Position: [3](27.669,13.399,24.68)
  - Orientation: [3](0.746693,0.0785992,0.660509)
 - Feature #18:
  - Type: H_BOND_ACCEPTOR
  - Geometry: SPHERE
  - Tolerance: 1.5
  - Weight: 1.0
  - Optional: False
  - Disabled: False
  - Length: 1.0
  - Hydrophobicity: 0.0
  - Position: [3](32.52,14.296,25.111)
  - Orientation: [3](-0.565528,-0.118711,-0.816141)
 - Feature #19:
  - Type: H_BOND_ACCEPTOR
  - Geometry: SPHERE
  - Tolerance: 1.5
  - Weight: 1.0
  - Optional: False
  - Disabled: False
  - Length: 1.0
  - Hydrophobicity: 0.0
  - Position: [3](31.878,14.577,19.649)
  - Orientation: [3](0.296973,0.0611894,0.952923)
