- Atom #0
	Hybrid polarizability: 0.296
	Effective polarizability: 10.227862207412723
- Atom #1
	Hybrid polarizability: 1.352
	Effective polarizability: 13.087816276550294
- Atom #2
	Hybrid polarizability: 1.352
	Effective polarizability: 14.699958160400387
- Atom #3
	Hybrid polarizability: 1.352
	Effective polarizability: 16.83620983886719
- Atom #4
	Hybrid polarizability: 1.352
	Effective polarizability: 19.67459228515625
- Atom #5
	Hybrid polarizability: 1.061
	Effective polarizability: 21.55906054687501
- Atom #6
	Hybrid polarizability: 0.637
	Effective polarizability: 18.15456494140625
- Atom #7
	Hybrid polarizability: 1.061
	Effective polarizability: 17.002793823242186
- Atom #8
	Hybrid polarizability: 1.352
	Effective polarizability: 18.57421960449219
- Atom #9
	Hybrid polarizability: 1.352
	Effective polarizability: 20.30377197265626
- Atom #10
	Hybrid polarizability: 1.352
	Effective polarizability: 17.905938354492186
- Atom #11
	Hybrid polarizability: 1.352
	Effective polarizability: 16.299379547119145
- Atom #12
	Hybrid polarizability: 1.896
	Effective polarizability: 15.544790519714356
- Atom #13
	Hybrid polarizability: 1.352
	Effective polarizability: 16.800590484619146
- Atom #14
	Hybrid polarizability: 0.387
	Effective polarizability: 13.035192863464355
- Atom #15
	Hybrid polarizability: 1.283
	Effective polarizability: 12.871592889785763
- Atom #16
	Hybrid polarizability: 0.956
	Effective polarizability: 10.213444667339319
- Atom #17
	Hybrid polarizability: 0.387
	Effective polarizability: 12.659284660339354
- Atom #18
	Hybrid polarizability: 0.387
	Effective polarizability: 13.864203765869142
- Atom #19
	Hybrid polarizability: 0.387
	Effective polarizability: 13.114095367431636
- Atom #20
	Hybrid polarizability: 0.387
	Effective polarizability: 13.114095367431636
- Atom #21
	Hybrid polarizability: 1.061
	Effective polarizability: 19.245515625000007
- Atom #22
	Hybrid polarizability: 1.061
	Effective polarizability: 17.288513671875
- Atom #23
	Hybrid polarizability: 1.061
	Effective polarizability: 15.524971191406255
- Atom #24
	Hybrid polarizability: 0.964
	Effective polarizability: 13.84025964355469
- Atom #25
	Hybrid polarizability: 1.061
	Effective polarizability: 11.394382232666016
- Atom #26
	Hybrid polarizability: 0.387
	Effective polarizability: 8.90778667449951
- Atom #27
	Hybrid polarizability: 0.387
	Effective polarizability: 8.90778667449951
- Atom #28
	Hybrid polarizability: 0.387
	Effective polarizability: 8.90778667449951
- Atom #29
	Hybrid polarizability: 1.061
	Effective polarizability: 11.394382232666016
- Atom #30
	Hybrid polarizability: 0.387
	Effective polarizability: 8.90778667449951
- Atom #31
	Hybrid polarizability: 0.387
	Effective polarizability: 8.90778667449951
- Atom #32
	Hybrid polarizability: 0.387
	Effective polarizability: 8.90778667449951
- Atom #33
	Hybrid polarizability: 0.387
	Effective polarizability: 12.005728393554683
- Atom #34
	Hybrid polarizability: 0.387
	Effective polarizability: 12.005728393554683
- Atom #35
	Hybrid polarizability: 0.387
	Effective polarizability: 13.328385253906257
- Atom #36
	Hybrid polarizability: 0.387
	Effective polarizability: 13.328385253906257
- Atom #37
	Hybrid polarizability: 0.387
	Effective polarizability: 14.796136718749995
- Atom #38
	Hybrid polarizability: 0.387
	Effective polarizability: 14.796136718749995
- Atom #39
	Hybrid polarizability: 1.352
	Effective polarizability: 16.83620983886719
- Atom #40
	Hybrid polarizability: 1.352
	Effective polarizability: 14.699958160400387
- Atom #41
	Hybrid polarizability: 0.387
	Effective polarizability: 11.459718620300293
- Atom #42
	Hybrid polarizability: 0.387
	Effective polarizability: 13.061907379150389
- Atom #43
	Hybrid polarizability: 0.387
	Effective polarizability: 13.061907379150389
- Atom #44
	Hybrid polarizability: 0.387
	Effective polarizability: 11.459718620300295
