Nc1cnc(cn1)c1ccc(C2CCC2)c(Oc2cc(N)nc(Cc3ccccc3)n2)c1F
N1C(C(C(c2ccc(cc12)C)=O)=NNc2c(cccc2)Cl)=O
c12c(sc3c1CCCC3)nc(nc2N[C@H](C(=O)[O-])[C@H](CC)C)C
C([C@H]1[C@@](C1)(C(N(CC)CC)=O)c1ccccc1)[NH3+]
C([C@H]1[C@@](C1)(C(N(CC)CC)=O)c1ccccc1)[NH3+]
C1(OC(C)=CC(=C1)C#CCCCC)=O
OC[C@@H]1[C@@H](CC#CC=CC#CC1)CO
C(C[NH+]([C@@H](c1ccccc1)C)C)=C=CC
C(C[NH+]([C@@H](c1ccccc1)C)C)=C=CC
[N](c1ccc(NC(=O)CC[C@@H](C(=O)[O-])[NH3+])cc1)(=O)=O
c12ccc(cc2nc([nH]1)[S@@](Cc1ncc(c(c1C)OC)C)=O)OC
  
c1(cccc(c1Nc1ccccc1CC(=O)OCCNC(=O)C1OC(C(C(C1OC1OC(C(C(C1NC(=O)C)O)O)CO)O)O)OC1C(C(OC(C1NC(=O)C)OC1C(OC(C(C1O)O)O)C([O-])=O)CO)O)Cl)Cl.[Na+]
CC(C)N=C1C=C2N(c3ccc(Cl)cc3)c3ccccc3N=C2C=C1Nc1ccc(Cl)cc1
O1[C@@H]([C@H]([C@@H](O)C)C)[C@@H]1C[C@@H]1[C@H]([C@@H](O)[C@@H](OC1)CC(CC(c1ccc(cc1)N(C)C)=O)=O)O
c1(Cl)[nH]c2[nH+]c1c1c(NC(CCC=CC[C@@H]2NC(c2c(cc(cc2F)C)F)=O)=O)cc(cc1)NC(OC)=O  
Cc1cc(Nc2c3cc(NC4=NC(C)(C)CO4)ccc3ncn2)ccc1Oc1cc2ncnn2cc1
O(c1c(cc([N+]([O-])=O)cc1)C#N)C(=O)c1ccc(NC)cc1
O1[C@]23[C@H]4[NH+](C[C@]5([C@H]([C@]4([C@@]4(O)C6[C@]2(OC1)C[C@H](OC)[C@H]([C@@H]6OC)C4)[C@@H](OC)CC5)[C@@H]3O)C)CC
c1cc(C(N2C3CCC2C2C[NH2+]CC23)=O)nc3ccc(cc13)Oc3ccc(cn3)C(F)(F)F BDBM250863
O=S(=O)(NC([C@]1(C[C@H]1C1CC1)NC([C@H]1N(C([C@@H](NC(=O)O[C@@H]2C[C@H]3[C@@H](C2)C3)C(C)(C)C)=O)C[C@@H](C1)Oc1ncc(c3ccc(cc13)Cl)OC)=O)=O)C3CC3  
C1C[C@@H]2C[C@@H](c3cc(O)ccc3)C[C@@H]1[NH+]2CCCOc2ccccc2  
CC[O+]1[CH-]C=Cc2c(NCc3ccccc3)nc(Cc3ccccc3)nc21 BDBM163075
[B]1234[B]567[C]894[B]4%107[B]7%118C8%10[C]%10%12([B]%131([B]29%11C%13%107)[B]36%12[B]458)CN8C(N([C@@H]5O[C@H](CO)[C@@H](C5)O)C=C(C8=O)C)=O
N1(CCN(CC1)c1ccc(cc1)OC[C@@H]1O[C@](OC1)(c1c(Cl)cc(cc1)Cl)Cn1cncn1)c1ccc(cc1)N1C=NN(C1=O)C(C)CC
Cc1ccc(NC(=O)c2ccnc(c2)N2CCCC2)cc1c1ccc(cc1)C(=O)NCC1CC1
[N]1([C@H]2[C@@H]([C@H](O)[C@H](O2)COP(=O)([O-])[O-])O)c2c(c(S)ncn2)NC=1
c1c(cccc1)C(=O)O[Na]
O[C@H](C([O-])=O)[C@H](O)C(=O)[O-].Oc1c(O)ccc(c1)[C@@H](O)C[NH2+]C
O=C1N(NC(N)=C1C(Cc1c(cc([N+](=O)[O-])cc1)C)(O)C)c1ccccc1
c12ccc(cc2nc([nH]1)S(Cc1ncc(c(c1C)OC)C)=O)OC  
O[C@@H]1[C@H](O)[C@@H]2C[C@H]1[n+]1c(c3[nH+]cn([C@H]4[C@H](O)[C@@H]([C@@H](COP(OP(=O)([O-])OC2)([O-])=O)O4)O)c3nc1)N
C1(c2ccccc2)(OCC[N+](C)(C[18F])C1)O.c1ccc(cc1O)c1cc(cc(c1)O)O
CCON=C(c1nsc(n1)NP(=O)([O-])[O-])C(=O)N[C@H]1[C@@H]2N(C1=O)C(=C(CS2)Sc2nc(cs2)c2cc[n+](cc2)C)C(=O)[O-].CC(=O)[O-].O
c1[n+]2[C@H]3[C@@H]([C@@H]([C@H](C3)COP([O-])(=O)OP([O-])(=O)OC[C@@H]3[C@H]([C@H]([C@H](n4c[nH+]c(c4n1)c2N)O3)O)O)O)O
[Cl-].[Cl-].[85Sr+2]
C(O)(CC(=O)[O-])(CC(=O)[O-])C(=O)[O-].[Bi+3].[N+](C=C(NC)NCCSCc1oc(C[NH+](C)C)cc1)([O-])=O
O1[C@@H]([C@H]([C@@H](O)C)C)[C@@H]1C[C@@H]1[C@H]([C@@H](O)[C@@H](OC1)CC(CC(c1ccc(cc1)N(C)C)=O)=O)O
c1c[n+]2c3c(c1NCCCCCNc1cc[n+](c4c1cccc4)CC=CC2)cccc3
c1(C(C=Cc2ccccc2)=O)c(N)cccc1
s1cc(nc1C)C=C(C1OC(=O)CC(O)C(C(=O)C(C(O)C(CCCC2(OC2C1)C)C)C)(C)C)C 144206291
O=C1N(NC(N)=C1C(Cc1c(cc([N](=O)=O)cc1)C)(O)C)c1ccccc1
c12c(Nc3c(cc(cc3)NS(=O)(C)=O)OC)c3c(nc1cccc2)cc(cc3)N=[N]=N
C1C=CN2C(C=1)=C(C(N(C2=O)CCCC[NH+]2CCC(CC2)c2c[nH]c1c2[F]=C(C=C1)F)=O)c1ccc(cc1)F
BrC(C(=O)N=[N]1=C2C(=Nc3c1cccc3)c3c1c2cccc1ccc3)C
C1([N+](=C(N(C1(C)C)O)c1ccc(cc1)OCC(=O)N[C@H](C([O-])=O)CCCNC(=[NH2+])N)[O-])(C)C
Cn1cc(cn1)C(=O)N1CC[C@@H]2[C@@H]1CC[NH+]2Cc2cccnc2
Cn1cc(C=C2C(=O)Nc3cccnc23)c3ccccc13
c12ccc(cc1C13C(C([NH+](CC1)C)C2)CCCC3)OC
[123I]c1ccc(cc1)CCCCCCCCCCCCCCC([O-])=O
c1(c(c(n(c1C(C)C)CCC(CC(CC(=O)[O-])O)O)c1ccc(F)cc1)c1ccccc1)C(=O)Nc1ccccc1.[Ca+2].c1(c(c(n(c1C(C)C)CCC(CC(CC(=O)[O-])O)O)c1ccc(cc1)F)c1ccccc1)C(=O)Nc1ccccc1
CC(Nc1ncc2ccc(cc2n1)C(=NC(c1ccc(c(c1)F)Cl)c1cnn(C)c1)O)[H]CO BDBM192334
O([C@H]1[C@@H]([C@H]([C@@H](OC(=O)C)CO1)OC(=O)C)O[C@H]1[C@@H]([C@@H]([C@@H](OC(=O)C)[C@H](O1)C)OC(=O)C)OC(=O)C)[C@@H]1[C@]([C@H]2[C@@]([C@@H]3[C@]([C@]4([C@]5(OC(=O)[C@]6([C@H]5CC(CC6)(C)C)CC4)C(C3)O)C)(CC2)C)(CC1)C)(COC(=O)C)C  
C(c1ccccc1)C([NH3+])C.[Cl-]
C(c1ccccc1)C([NH3+])C
[O-]C(C1=CN(CC)c2c(C1=O)ccc(n2)C)=O
C1([C@@H]([C@@H](C(O1)COP([O-])([O-])=O)O)O)[n+]1cccc(c1)C(=O)N
N(C(=[NH2+])N)CCCC(C(OC(C)C(OS(=O)(=O)[O-])c1cc(c(cc1)OS(=O)([O-])=O)COS(=O)(=O)[O-])=O)[N+](C)(C)C
CCCc1c2c(C(NC(c3cc(ccc3OCC)S(N3CC[NH+](C)CC3)(=O)=O)=N2)=O)n(C)n1.C(C(=O)[O-])C(CC(=O)[O-])(C(=O)[O-])O
C1(=C(CN2CCCC2=[NH2+])NC(NC1=O)=O)Cl.[Cl-]
C1[C@H]2N3[C@H](O[C@@H]1CC2)CN2C(C3=O)=C(C(C(=C2)C(NCc2c(cc(cc2F)F)F)=O)=O)O.[Na+]
c1(c(oc(n1)CCC([O-])=O)c1ccccc1)c1ccccc1.[K+]
S(=O)([O-])([O-])=O.[K+].[K+]
c12ccc(cc2nc([nH]1)S(Cc1ncc(c(c1C)OC)C)=O)OC.c12ccc(cc2nc([nH]1)S(Cc1ncc(c(c1C)OC)C)=O)OC.[Mg+2]
c12ccc(cc2nc([nH]1)S(Cc1ncc(c(c1C)OC)C)=O)OC.c12ccc(cc2nc([nH]1)S(Cc1ncc(c(c1C)OC)C)=O)OC.[Sr+2].O.O.O.O
CC(C)(c1c(c(c2cc3ccc(NS(C)(=O)=O)cc3cc2)cc(c1)N1C(NC(=O)C=C1)=O)OC)C.[Na+].O
c1(C(C(O[C@@H]2C[C@H]3[N+]([C@@H](C2)[C@H]2[C@@H]3O2)(C)C)=O)(O)c2sccc2)sccc1.[Br-].O
P(O)([O-])(=O)[O-].[Na+].[Na+].O.O
C1(=C([C@@H]([C@H]2OC(c3ccccc3)([2H])OC2)OC1=O)O)O
C1(=C([C@@H]([C@H]2OC(c3ccccc3)([2H])OC2)OC1=O)O)O
COC1C[NH+](CCCOc2ccc(F)cc2)CCC1NC(=O)c1cc(Cl)c(N)cc1OC.O
Cc1cc(no1)NS(=O)(=O)c1ccc(cc1)N.COc1cc(cc(c1OC)OC)Cc1cnc(nc1N)N
N1(N(C(=O)C(C1=O)CCCC)C)C.C(=O)(NCC[NH+](CC)CC)COc1ccc(cc1)Cl.O.O
N12C(C(c3[nH]nnn3)=CN=C1C(C)=CC=C2)=O.[K+]  
C1(C(C([131I])=CN(C=1)CC([O-])=O)=O)[131I].[NH2+](CCO)CCO
Cc1ccc(NC(=O)c2ccnc(c2)N2CCCC2)cc1c1ccc(cc1)C(=O)NCC1CC1
C(C([NH3+])c1c(cc(cc1Cl)O)Cl)([NH3+])c1c(Cl)cc(cc1Cl)O.S(=O)(=O)([O-])[O-].[Pt].O