Read pharmacophore '1dwc_MIT_1_H_1__D___' comprising 20 features
