Nc1cnc(cn1)c1ccc(C2CCC2)c(Oc2cc(N)nc(Cc3ccccc3)n2)c1F
N1C(\C(C(c2ccc(cc12)C)=O)=N/Nc2c(cccc2)Cl)=O
C([C@H]1[C@@](C1)(C(N(CC)CC)=O)c1ccccc1)N
C([C@H]1[C@@](C1)(C(N(CC)CC)=O)c1ccccc1)N
C(CN([C@@H](c1ccccc1)C)C)=C=CC
C(CN([C@@H](c1ccccc1)C)C)=C=CC
[N](c1ccc(NC(=O)CC[C@@H](C(=O)O)N)cc1)(=O)=O
c12ccc(cc2nc([nH]1)[S@@](Cc1ncc(c(c1C)OC)C)=O)OC
c1(cccc(c1Nc1ccccc1CC(=O)OCCNC(=O)[C@H]1O[C@H]([C@@H]([C@H]([C@@H]1O[C@@H]1O[C@@H]([C@H]([C@@H]([C@H]1NC(=O)C)O)O)CO)O)O)O[C@H]1[C@@H]([C@H](O[C@H]([C@@H]1NC(=O)C)O[C@@H]1[C@H](O[C@H]([C@@H]([C@H]1O)O)O)C([O-])=O)CO)O)Cl)Cl.[Na+]
CC(C)N=C1C=C2N(c3ccc(Cl)cc3)c3ccccc3N=C2C=C1Nc1ccc(Cl)cc1
O1[C@@H]([C@H]([C@@H](O)C)C)[C@@H]1C[C@@H]1[C@H]([C@@H](O)[C@@H](OC1)CC(CC(c1ccc(cc1)N(C)C)=O)=O)O
c1(Cl)[nH]c2nc1c1c(NC(CC\C=C\C[C@@H]2NC(c2c(cc(cc2F)C)F)=O)=O)cc(cc1)NC(OC)=O  
Cc1cc(Nc2c3cc(NC4=NC(C)(C)CO4)ccc3ncn2)ccc1Oc1cc2ncnn2cc1
O(c1c(cc([N+]([O-])=O)cc1)C#N)C(=O)c1ccc(NC)cc1
c1cc(C(N2[C@H]3CC[C@@H]2C2CNCC23)=O)nc3ccc(cc13)Oc3ccc(cn3)C(F)(F)F BDBM250863
O=S(=O)(NC([C@]1(C[C@H]1[C@H]1CC1)NC([C@H]1N(C([C@@H](NC(=O)O[C@@H]2C[C@H]3[C@@H](C2)C3)[C@](C)(C)C)=O)C[C@@H](C1)Oc1ncc(c3ccc(cc13)Cl)OC)=O)=O)C3CC3  
C1C[C@@H]2C[C@@H](c3cc(O)ccc3)C[C@@H]1N2CCCOc2ccccc2  
CC[O+]1[CH-]C=Cc2c(NCc3ccccc3)nc(Cc3ccccc3)nc21 BDBM163075
N1(CCN(CC1)c1ccc(cc1)OC[C@@H]1O[C@](OC1)(c1c(Cl)cc(cc1)Cl)Cn1cncn1)c1ccc(cc1)N1C=NN(C1=O)C(C)CC
Cc1ccc(NC(=O)c2ccnc(c2)N2CCCC2)cc1c1ccc(cc1)C(=O)NCC1CC1
c1c(cccc1)C(=O)O[Na]
O[C@H](C(O)=O)[C@H](O)C(=O)O.Oc1c(O)ccc(c1)[C@@H](O)CNC
O=C1N(NC(N)=C1C(Cc1c(cc([N+](=O)[O-])cc1)C)(O)C)c1ccccc1
c12ccc(cc2nc([nH]1)S(Cc1ncc(c(c1C)OC)C)=O)OC  
C1(c2ccccc2)(OCC[N+](C)(C[18F])C1)O.c1ccc(cc1O)c1cc(cc(c1)O)O
O1[C@@H]([C@H]([C@@H](O)C)C)[C@@H]1C[C@@H]1[C@H]([C@@H](O)[C@@H](OC1)CC(CC(c1ccc(cc1)N(C)C)=O)=O)O
c1c[n+]2c3c(c1NCCCCCNc1cc[n+](c4c1cccc4)CC=CC2)cccc3
c1(C(C=Cc2ccccc2)=O)c(N)cccc1
O=C1N(NC(N)=C1C(Cc1c(cc([N](=O)=O)cc1)C)(O)C)c1ccccc1
c12c(Nc3c(cc(cc3)NS(=O)(C)=O)OC)c3c(nc1cccc2)cc(cc3)N=[N]=N
C1C=CN2C(C=1)=C(C(N(C2=O)CCCCN2CCC(CC2)c2c[nH]c1c2[F]=C(C=C1)F)=O)c1ccc(cc1)F
BrC(C(=O)\N=[N]1=C2C(=Nc3c\1cccc3)c3c1c2cccc1ccc3)C
C1([N+](=C(N(C1(C)C)O)c1ccc(cc1)OCC(=O)N[C@H](C(O)=O)CCCNC(=N)N)[O-])(C)C
Cn1cc(C=C2C(=O)Nc3cccnc23)c3ccccc13
c12ccc(cc1[C@]13[C@@H]([C@@H](N(CC1)C)C2)CCCC3)OC
[123I]c1ccc(cc1)CCCCCCCCCCCCCCC(O)=O
c1(c(c(n(c1C(C)C)CC[C@H](C[C@H](CC(=O)[O-])O)O)c1ccc(F)cc1)c1ccccc1)C(=O)Nc1ccccc1.[Ca+2].c1(c(c(n(c1C(C)C)CC[C@H](C[C@H](CC(=O)[O-])O)O)c1ccc(cc1)F)c1ccccc1)C(=O)Nc1ccccc1
CC(Nc1ncc2ccc(cc2n1)C(=N[C@@H](c1ccc(c(c1)F)Cl)c1cnn(C)c1)O)[H]CO BDBM192334
C(c1ccccc1)C([NH3+])C.[Cl-]
C(c1ccccc1)C([NH3+])C
N(C(=[NH2+])N)CCCC(C(OC(C)C(OS(=O)(=O)[O-])c1cc(c(cc1)OS(=O)([O-])=O)COS(=O)(=O)[O-])=O)[N+](C)(C)C
CCCc1c2c(C(NC(c3cc(ccc3OCC)S(N3CCN(C)CC3)(=O)=O)=N2)=O)n(C)n1.C(C(=O)O)C(CC(=O)O)(C(=O)O)O
C1[C@H]2N3[C@H](O[C@@H]1CC2)CN2C(C3=O)=C(C(C(=C2)C(NCc2c(cc(cc2F)F)F)=O)=O)[O-].[Na+]
c1(c(oc(n1)CCC([O-])=O)c1ccccc1)c1ccccc1.[K+]
c12ccc(cc2nc([n-]1)[S+](Cc1ncc(c(c1C)OC)C)[O-])OC.c12ccc(cc2nc([n-]1)[S+](Cc1ncc(c(c1C)OC)C)[O-])OC.[Mg+2]
c12ccc(cc2nc([n-]1)[S+](Cc1ncc(c(c1C)OC)C)[O-])OC.c12ccc(cc2nc([n-]1)[S+](Cc1ncc(c(c1C)OC)C)[O-])OC.[Sr+2].O.O.O.O
CC(C)(c1c(c(c2cc3ccc(NS(C)(=O)=O)cc3cc2)cc(c1)N1C([N-]C(=O)C=C1)=O)OC)C.[Na+].O
C1(=C([C@@H]([C@H]2OC(c3ccccc3)([2H])OC2)OC1=O)O)O
C1(=C([C@@H]([C@H]2OC(c3ccccc3)([2H])OC2)OC1=O)O)O
COC1CN(CCCOc2ccc(F)cc2)CCC1NC(=O)c1cc(Cl)c(N)cc1OC.O
Cc1cc(no1)NS(=O)(=O)c1ccc(cc1)N.COc1cc(cc(c1OC)OC)Cc1cnc(nc1N)N
N1(N(C(=O)C(C1=O)CCCC)C)C.C(=O)(NCCN(CC)CC)COc1ccc(cc1)Cl.O.O
Cc1ccc(NC(=O)c2ccnc(c2)N2CCCC2)cc1c1ccc(cc1)C(=O)NCC1CC1
C(C(N)c1c(cc(cc1Cl)O)Cl)(N)c1c(Cl)cc(cc1Cl)O.S(=O)(=O)(O)O.[Pt].O