[
  {
    "account": "Expenses:Food",
    "date": "2012-12-15",
    "filename": "/tmp/import.csv",
    "links": [
      "link1"
    ],
    "meta": {
      "filename": "TEST_DATA_DIR/example.beancount",
      "lineno": 78
    },
    "t": "Document",
    "tags": [
      "tag"
    ]
  },
  {
    "account": "Expenses:Food",
    "date": "2012-12-15",
    "filename": "/tmp/receipt.pdf",
    "links": [],
    "meta": {
      "filename": "TEST_DATA_DIR/example.beancount",
      "lineno": 79
    },
    "t": "Document",
    "tags": [
      "discovered"
    ]
  }
]