metadata:
  author:
    name: Test Author
    organization: CEA
    mail: test.author@cea.fr
  reviewer:
    name: Test Reviewer
    organization: CEA
    mail: test.reviewer@cea.fr
  report:
    link: https://link/to/somewhere
    description: a report description
    date: 03/11/2023
    version: '1'
    license: proprietary
    appabuild_version: '0.1'
parameters: []
tree:
  name: nvidia_ai_gpu_chip
  models:
    EFV3_CLIMATE_CHANGE: '0'
    EFV3_MATERIAL_RESOURCES: '0'
    EFV3_WATER_USE: '0.0164726156811758'
  direct_impacts:
    EFV3_CLIMATE_CHANGE: '0'
    EFV3_MATERIAL_RESOURCES: '0'
    EFV3_WATER_USE: '0.0164726156811758'
  scaled_direct_impacts:
    EFV3_CLIMATE_CHANGE: '0'
    EFV3_MATERIAL_RESOURCES: '0'
    EFV3_WATER_USE: '0.0164726156811758'
  children: []
  properties: {}
  amount: '1.0'
