sm2135:
  clock_pin: P8
  data_pin: P7
  rgb_current: 30mA
  cw_current: 45mA

output:
  - platform: sm2135
    id: output_red
    channel: 2
  - platform: sm2135
    id: output_green
    channel: 1
  - platform: sm2135
    id: output_blue
    channel: 0
  - platform: sm2135
    id: output_cold
    channel: 3

light:
  - platform: rgbw
    id: light_rgbw
    name: Light
    red: output_red
    green: output_green
    blue: output_blue
    white: output_cold
