output:
  - platform: libretiny_pwm
    id: output_red
    pin: P24
  - platform: libretiny_pwm
    id: output_green
    pin: P9
  - platform: libretiny_pwm
    id: output_blue
    pin: P26
  - platform: libretiny_pwm
    id: output_brightness
    pin: P7
  - platform: libretiny_pwm
    id: output_temperature
    pin: P8

light:
  - platform: rgbct
    id: light_rgbct
    name: Light
    color_interlock: true
    cold_white_color_temperature: 6500 K
    warm_white_color_temperature: 2700 K
    red: output_red
    green: output_green
    blue: output_blue
    white_brightness: output_brightness
    color_temperature: output_temperature
