sm2235:
  clock_pin: P26
  data_pin: P24
  max_power_color_channels: 1
  max_power_white_channels: 2

output:
  - platform: sm2235
    id: output_red
    channel: 1
  - platform: sm2235
    id: output_green
    channel: 0
  - platform: sm2235
    id: output_blue
    channel: 2
  - platform: sm2235
    id: output_cold
    channel: 4
  - platform: sm2235
    id: output_warm
    channel: 3

light:
  - platform: rgbww
    id: light_rgbww
    name: Light
    color_interlock: true
    cold_white_color_temperature: 6500 K
    warm_white_color_temperature: 2700 K
    red: output_red
    green: output_green
    blue: output_blue
    cold_white: output_cold
    warm_white: output_warm
