switch:
  - platform: gpio
    id: switch_1
    name: Relay 1
    pin: P24
    on_turn_on:
      - light.turn_on: light_status
    on_turn_off:
      - light.turn_off: light_status

binary_sensor:
  - platform: gpio
    id: binary_switch_all
    pin:
      number: P26
      inverted: true
      mode: INPUT_PULLUP
    on_press:
      then:
        - switch.toggle: switch_1

light:
  - platform: status_led
    id: light_status
    pin:
      number: P7
      inverted: true
