# serializer version: 1
# name: test_typeddict
  '''
  interface Person {
  head: Head
  name: string
  }
  const enum HairColor {
  RED = "red",
  BLACK = "black",
  PURPLE = "purple",
  BLUE = "blue",
  }
  interface Head {
  size: number
  hair_color: HairColor | null
  }
  interface Feet {
  shoe_color?: "red" | "blue" 
  }
  
  '''
# ---
