output:
  - platform: libretiny_pwm
    id: output_red
    pin: P6
  - platform: libretiny_pwm
    id: output_green
    pin: P26
  - platform: libretiny_pwm
    id: output_blue
    pin: P24
  - platform: libretiny_pwm
    id: output_cold
    pin: P7
  - platform: libretiny_pwm
    id: output_warm
    pin: P8

light:
  - platform: rgbww
    id: light_rgbww
    name: Light
    color_interlock: true
    cold_white_color_temperature: 6500 K
    warm_white_color_temperature: 2700 K
    red: output_red
    green: output_green
    blue: output_blue
    cold_white: output_cold
    warm_white: output_warm
