sm2135:
  clock_pin: P7
  data_pin: P9
  rgb_current: 40mA
  cw_current: 25mA

output:
  - platform: sm2135
    id: output_red
    channel: 2
  - platform: sm2135
    id: output_green
    channel: 1
  - platform: sm2135
    id: output_blue
    channel: 0
  - platform: sm2135
    id: output_cold
    channel: 4
  - platform: sm2135
    id: output_warm
    channel: 3

light:
  - platform: rgbww
    id: light_rgbww
    name: Light
    color_interlock: true
    cold_white_color_temperature: 6500 K
    warm_white_color_temperature: 2700 K
    red: output_red
    green: output_green
    blue: output_blue
    cold_white: output_cold
    warm_white: output_warm
