binary_sensor:
  - platform: gpio
    id: binary_onoff_1
    pin:
      number: P6
      inverted: true
      mode: INPUT_PULLUP
    on_state:
      then:
        - switch.toggle: switch_1
  - platform: gpio
    id: binary_switch_all
    pin:
      number: P23
      inverted: true
      mode: INPUT_PULLUP
    on_press:
      then:
        - switch.toggle: switch_1

switch:
  - platform: gpio
    id: switch_1
    name: Relay 1
    pin: P7

status_led:
  pin: P26

uart:
  id: uart_bus
  tx_pin: P11
  rx_pin: P10
  baud_rate: 4800
  stop_bits: 1

sensor:
  - platform: bl0942
    uart_id: uart_bus
    current:
      name: BL0942 Current
    voltage:
      name: BL0942 Voltage
    power:
      name: BL0942 Power
      filters:
        multiply: -1
    energy:
      name: BL0942 Energy
    frequency:
      name: BL0942 Frequency
      accuracy_decimals: 2
