uart:
  rx_pin: RX1
  tx_pin: TX1
  baud_rate: 9600

tuya:
